../Core/Src/main.c:78:6:delay_us	16	static
../Core/Src/main.c:84:6:Start_Signal	32	static
../Core/Src/main.c:109:9:check_response	4	static
../Core/Src/main.c:122:9:read_byte	16	static
../Core/Src/main.c:138:6:send_uart	16	static
../Core/Src/main.c:148:5:main	64	static
../Core/Src/main.c:228:6:SystemClock_Config	88	static
../Core/Src/main.c:275:13:MX_TIM1_Init	32	static
../Core/Src/main.c:321:13:MX_TIM6_Init	16	static
../Core/Src/main.c:359:13:MX_USART2_UART_Init	8	static
../Core/Src/main.c:392:13:MX_GPIO_Init	40	static
../Core/Src/main.c:435:6:Error_Handler	4	static,ignoring_inline_asm
